// Jest Snapshot v1, https://goo.gl/fbAQLP

exports[`should render without error 1`] = `
<body>
  <div>
    <button
      class=" svelte-ty676r"
      style=""
      value=""
    />
  </div>
</body>
`;
